// Jest Snapshot v1, https://goo.gl/fbAQLP

exports[`MatchContainer matches the snapshot 1`] = `
ShallowWrapper {
  "length": 1,
  Symbol(enzyme.__root__): [Circular],
  Symbol(enzyme.__unrendered__): <MatchContainer
    matches={
        Object {
            "matches": Array [
              Object {
                "articles": Array [
                  Object {
                    "description": "Holy cow this cheeseburger is the best thing I have eaten in the last 25 minutes",
                    "title": "Wow, much cheeseburger",
                  },
                ],
                "keywords": Array [
                  "cheeseburger",
                  "cheeseburger",
                  "cheeseburger",
                ],
              },
            ],
          }
    }
/>,
  Symbol(enzyme.__renderer__): Object {
    "batchedUpdates": [Function],
    "getNode": [Function],
    "render": [Function],
    "simulateEvent": [Function],
    "unmount": [Function],
  },
  Symbol(enzyme.__node__): Object {
    "instance": null,
    "key": undefined,
    "nodeType": "host",
    "props": Object {
      "className": "match-container",
    },
    "ref": null,
    "rendered": null,
    "type": "div",
  },
  Symbol(enzyme.__nodes__): Array [
    Object {
      "instance": null,
      "key": undefined,
      "nodeType": "host",
      "props": Object {
        "className": "match-container",
      },
      "ref": null,
      "rendered": null,
      "type": "div",
    },
  ],
  Symbol(enzyme.__options__): Object {
    "adapter": ReactSixteenAdapter {
      "options": Object {
        "enableComponentDidUpdateOnSetState": true,
      },
    },
  },
}
`;
