// Jest Snapshot v1, https://goo.gl/fbAQLP

exports[`Search matches the snapshot 1`] = `
ShallowWrapper {
  "length": 1,
  Symbol(enzyme.__root__): [Circular],
  Symbol(enzyme.__unrendered__): <Search
    articles={
        Array [
            Object {
              "description": "I cannot believe it says crestfallen Seamus Quinn...",
              "title": "Sushi prices skyrocket as Trump bans tuna, deeming it Un-American",
            },
          ]
    }
    createMatch={[Function]}
/>,
  Symbol(enzyme.__renderer__): Object {
    "batchedUpdates": [Function],
    "getNode": [Function],
    "render": [Function],
    "simulateEvent": [Function],
    "unmount": [Function],
  },
  Symbol(enzyme.__node__): Object {
    "instance": null,
    "key": undefined,
    "nodeType": "host",
    "props": Object {
      "children": Array [
        <form
          className="search-form"
          onSubmit={[Function]}
>
          <input
                    className="input-field"
                    name="userInput"
                    onChange={[Function]}
                    placeholder="Search..."
                    type="text"
                    value=""
          />
          <p />
          <button
                    className="submit-button"
          >
                    <img
                              alt="submit-button"
                              className="arrow"
                              src="right-arrow.svg"
                    />
          </button>
          <button
                    className="delete-button"
                    onClick={[Function]}
          >
                    x
          </button>
</form>,
        <Connect(Trending)
          populateInputField={[Function]}
/>,
      ],
    },
    "ref": null,
    "rendered": Array [
      Object {
        "instance": null,
        "key": undefined,
        "nodeType": "host",
        "props": Object {
          "children": Array [
            <input
              className="input-field"
              name="userInput"
              onChange={[Function]}
              placeholder="Search..."
              type="text"
              value=""
/>,
            <p />,
            <button
              className="submit-button"
>
              <img
                            alt="submit-button"
                            className="arrow"
                            src="right-arrow.svg"
              />
</button>,
            <button
              className="delete-button"
              onClick={[Function]}
>
              x
</button>,
          ],
          "className": "search-form",
          "onSubmit": [Function],
        },
        "ref": null,
        "rendered": Array [
          Object {
            "instance": null,
            "key": undefined,
            "nodeType": "host",
            "props": Object {
              "className": "input-field",
              "name": "userInput",
              "onChange": [Function],
              "placeholder": "Search...",
              "type": "text",
              "value": "",
            },
            "ref": Object {
              "current": null,
            },
            "rendered": null,
            "type": "input",
          },
          Object {
            "instance": null,
            "key": undefined,
            "nodeType": "host",
            "props": Object {
              "children": "",
            },
            "ref": null,
            "rendered": "",
            "type": "p",
          },
          Object {
            "instance": null,
            "key": undefined,
            "nodeType": "host",
            "props": Object {
              "children": <img
                alt="submit-button"
                className="arrow"
                src="right-arrow.svg"
/>,
              "className": "submit-button",
            },
            "ref": null,
            "rendered": Object {
              "instance": null,
              "key": undefined,
              "nodeType": "host",
              "props": Object {
                "alt": "submit-button",
                "className": "arrow",
                "src": "right-arrow.svg",
              },
              "ref": null,
              "rendered": null,
              "type": "img",
            },
            "type": "button",
          },
          Object {
            "instance": null,
            "key": undefined,
            "nodeType": "host",
            "props": Object {
              "children": "x",
              "className": "delete-button",
              "onClick": [Function],
            },
            "ref": null,
            "rendered": "x",
            "type": "button",
          },
        ],
        "type": "form",
      },
      Object {
        "instance": null,
        "key": undefined,
        "nodeType": "class",
        "props": Object {
          "populateInputField": [Function],
        },
        "ref": null,
        "rendered": null,
        "type": [Function],
      },
    ],
    "type": "div",
  },
  Symbol(enzyme.__nodes__): Array [
    Object {
      "instance": null,
      "key": undefined,
      "nodeType": "host",
      "props": Object {
        "children": Array [
          <form
            className="search-form"
            onSubmit={[Function]}
>
            <input
                        className="input-field"
                        name="userInput"
                        onChange={[Function]}
                        placeholder="Search..."
                        type="text"
                        value=""
            />
            <p />
            <button
                        className="submit-button"
            >
                        <img
                                    alt="submit-button"
                                    className="arrow"
                                    src="right-arrow.svg"
                        />
            </button>
            <button
                        className="delete-button"
                        onClick={[Function]}
            >
                        x
            </button>
</form>,
          <Connect(Trending)
            populateInputField={[Function]}
/>,
        ],
      },
      "ref": null,
      "rendered": Array [
        Object {
          "instance": null,
          "key": undefined,
          "nodeType": "host",
          "props": Object {
            "children": Array [
              <input
                className="input-field"
                name="userInput"
                onChange={[Function]}
                placeholder="Search..."
                type="text"
                value=""
/>,
              <p />,
              <button
                className="submit-button"
>
                <img
                                alt="submit-button"
                                className="arrow"
                                src="right-arrow.svg"
                />
</button>,
              <button
                className="delete-button"
                onClick={[Function]}
>
                x
</button>,
            ],
            "className": "search-form",
            "onSubmit": [Function],
          },
          "ref": null,
          "rendered": Array [
            Object {
              "instance": null,
              "key": undefined,
              "nodeType": "host",
              "props": Object {
                "className": "input-field",
                "name": "userInput",
                "onChange": [Function],
                "placeholder": "Search...",
                "type": "text",
                "value": "",
              },
              "ref": Object {
                "current": null,
              },
              "rendered": null,
              "type": "input",
            },
            Object {
              "instance": null,
              "key": undefined,
              "nodeType": "host",
              "props": Object {
                "children": "",
              },
              "ref": null,
              "rendered": "",
              "type": "p",
            },
            Object {
              "instance": null,
              "key": undefined,
              "nodeType": "host",
              "props": Object {
                "children": <img
                  alt="submit-button"
                  className="arrow"
                  src="right-arrow.svg"
/>,
                "className": "submit-button",
              },
              "ref": null,
              "rendered": Object {
                "instance": null,
                "key": undefined,
                "nodeType": "host",
                "props": Object {
                  "alt": "submit-button",
                  "className": "arrow",
                  "src": "right-arrow.svg",
                },
                "ref": null,
                "rendered": null,
                "type": "img",
              },
              "type": "button",
            },
            Object {
              "instance": null,
              "key": undefined,
              "nodeType": "host",
              "props": Object {
                "children": "x",
                "className": "delete-button",
                "onClick": [Function],
              },
              "ref": null,
              "rendered": "x",
              "type": "button",
            },
          ],
          "type": "form",
        },
        Object {
          "instance": null,
          "key": undefined,
          "nodeType": "class",
          "props": Object {
            "populateInputField": [Function],
          },
          "ref": null,
          "rendered": null,
          "type": [Function],
        },
      ],
      "type": "div",
    },
  ],
  Symbol(enzyme.__options__): Object {
    "adapter": ReactSixteenAdapter {
      "options": Object {
        "enableComponentDidUpdateOnSetState": true,
      },
    },
  },
}
`;
