// Jest Snapshot v1, https://goo.gl/fbAQLP

exports[`Match matches the snapshot 1`] = `
ShallowWrapper {
  "length": 1,
  Symbol(enzyme.__root__): [Circular],
  Symbol(enzyme.__unrendered__): <Match
    match={
        Object {
            "articles": Array [
              Object {
                "description": "Wow much mullets worn by enthusiasts",
                "title": "Garbage Man eats Sushi",
              },
            ],
            "keywords": Array [
              "garbage",
              "mullet",
              "sushi",
            ],
          }
    }
/>,
  Symbol(enzyme.__renderer__): Object {
    "batchedUpdates": [Function],
    "getNode": [Function],
    "render": [Function],
    "simulateEvent": [Function],
    "unmount": [Function],
  },
  Symbol(enzyme.__node__): Object {
    "instance": null,
    "key": undefined,
    "nodeType": "host",
    "props": Object {
      "children": Array [
        <div>
          <h1>
                    garbage
          </h1>
          <h1>
                    mullet
          </h1>
          <h1>
                    sushi
          </h1>
</div>,
        <div>
          <div>
                    <h1>
                              Garbage Man eats Sushi
                    </h1>
                    <p>
                              Wow much mullets worn by enthusiasts
                    </p>
          </div>
</div>,
      ],
    },
    "ref": null,
    "rendered": Array [
      Object {
        "instance": null,
        "key": undefined,
        "nodeType": "host",
        "props": Object {
          "children": Array [
            <h1>
              garbage
</h1>,
            <h1>
              mullet
</h1>,
            <h1>
              sushi
</h1>,
          ],
        },
        "ref": null,
        "rendered": Array [
          Object {
            "instance": null,
            "key": undefined,
            "nodeType": "host",
            "props": Object {
              "children": "garbage",
            },
            "ref": null,
            "rendered": "garbage",
            "type": "h1",
          },
          Object {
            "instance": null,
            "key": undefined,
            "nodeType": "host",
            "props": Object {
              "children": "mullet",
            },
            "ref": null,
            "rendered": "mullet",
            "type": "h1",
          },
          Object {
            "instance": null,
            "key": undefined,
            "nodeType": "host",
            "props": Object {
              "children": "sushi",
            },
            "ref": null,
            "rendered": "sushi",
            "type": "h1",
          },
        ],
        "type": "div",
      },
      Object {
        "instance": null,
        "key": undefined,
        "nodeType": "host",
        "props": Object {
          "children": Array [
            <div>
              <h1>
                            Garbage Man eats Sushi
              </h1>
              <p>
                            Wow much mullets worn by enthusiasts
              </p>
</div>,
          ],
        },
        "ref": null,
        "rendered": Array [
          Object {
            "instance": null,
            "key": undefined,
            "nodeType": "host",
            "props": Object {
              "children": Array [
                <h1>
                  Garbage Man eats Sushi
</h1>,
                <p>
                  Wow much mullets worn by enthusiasts
</p>,
              ],
            },
            "ref": null,
            "rendered": Array [
              Object {
                "instance": null,
                "key": undefined,
                "nodeType": "host",
                "props": Object {
                  "children": "Garbage Man eats Sushi",
                },
                "ref": null,
                "rendered": "Garbage Man eats Sushi",
                "type": "h1",
              },
              Object {
                "instance": null,
                "key": undefined,
                "nodeType": "host",
                "props": Object {
                  "children": "Wow much mullets worn by enthusiasts",
                },
                "ref": null,
                "rendered": "Wow much mullets worn by enthusiasts",
                "type": "p",
              },
            ],
            "type": "div",
          },
        ],
        "type": "div",
      },
    ],
    "type": "div",
  },
  Symbol(enzyme.__nodes__): Array [
    Object {
      "instance": null,
      "key": undefined,
      "nodeType": "host",
      "props": Object {
        "children": Array [
          <div>
            <h1>
                        garbage
            </h1>
            <h1>
                        mullet
            </h1>
            <h1>
                        sushi
            </h1>
</div>,
          <div>
            <div>
                        <h1>
                                    Garbage Man eats Sushi
                        </h1>
                        <p>
                                    Wow much mullets worn by enthusiasts
                        </p>
            </div>
</div>,
        ],
      },
      "ref": null,
      "rendered": Array [
        Object {
          "instance": null,
          "key": undefined,
          "nodeType": "host",
          "props": Object {
            "children": Array [
              <h1>
                garbage
</h1>,
              <h1>
                mullet
</h1>,
              <h1>
                sushi
</h1>,
            ],
          },
          "ref": null,
          "rendered": Array [
            Object {
              "instance": null,
              "key": undefined,
              "nodeType": "host",
              "props": Object {
                "children": "garbage",
              },
              "ref": null,
              "rendered": "garbage",
              "type": "h1",
            },
            Object {
              "instance": null,
              "key": undefined,
              "nodeType": "host",
              "props": Object {
                "children": "mullet",
              },
              "ref": null,
              "rendered": "mullet",
              "type": "h1",
            },
            Object {
              "instance": null,
              "key": undefined,
              "nodeType": "host",
              "props": Object {
                "children": "sushi",
              },
              "ref": null,
              "rendered": "sushi",
              "type": "h1",
            },
          ],
          "type": "div",
        },
        Object {
          "instance": null,
          "key": undefined,
          "nodeType": "host",
          "props": Object {
            "children": Array [
              <div>
                <h1>
                                Garbage Man eats Sushi
                </h1>
                <p>
                                Wow much mullets worn by enthusiasts
                </p>
</div>,
            ],
          },
          "ref": null,
          "rendered": Array [
            Object {
              "instance": null,
              "key": undefined,
              "nodeType": "host",
              "props": Object {
                "children": Array [
                  <h1>
                    Garbage Man eats Sushi
</h1>,
                  <p>
                    Wow much mullets worn by enthusiasts
</p>,
                ],
              },
              "ref": null,
              "rendered": Array [
                Object {
                  "instance": null,
                  "key": undefined,
                  "nodeType": "host",
                  "props": Object {
                    "children": "Garbage Man eats Sushi",
                  },
                  "ref": null,
                  "rendered": "Garbage Man eats Sushi",
                  "type": "h1",
                },
                Object {
                  "instance": null,
                  "key": undefined,
                  "nodeType": "host",
                  "props": Object {
                    "children": "Wow much mullets worn by enthusiasts",
                  },
                  "ref": null,
                  "rendered": "Wow much mullets worn by enthusiasts",
                  "type": "p",
                },
              ],
              "type": "div",
            },
          ],
          "type": "div",
        },
      ],
      "type": "div",
    },
  ],
  Symbol(enzyme.__options__): Object {
    "adapter": ReactSixteenAdapter {
      "options": Object {
        "enableComponentDidUpdateOnSetState": true,
      },
    },
  },
}
`;
